// Jest Snapshot v1, https://goo.gl/fbAQLP

exports[`App component renders App 1`] = `
<DocumentFragment>
  <div>
    <section
      class="radio"
    >
      <form>
        <label
          for="url"
        >
           Url
          <input
            id="url"
            name="url"
            type="text"
          />
        </label>
        <label
          for="get"
        >
           Get
          <input
            id="get"
            name="method"
            select="true"
            type="radio"
            value="get"
          />
        </label>
        <label
          for="delete"
        >
           Delete
          <input
            id="delete"
            name="method"
            type="radio"
            value="delete"
          />
        </label>
        <label
          for="post"
        >
           Post
          <input
            id="post"
            name="method"
            type="radio"
            value="post"
          />
        </label>
        <label
          for="put"
        >
           Put
          <input
            id="put"
            name="method"
            type="radio"
            value="put"
          />
        </label>
        <label
          for="json"
        >
           JSON
          <input
            id="json"
            name="json"
            type="text"
          />
        </label>
        <button>
          Submit
        </button>
      </form>
      <div>
        <div
          data-testid="display"
        >
           
        </div>
      </div>
    </section>
  </div>
</DocumentFragment>
`;
