// Jest Snapshot v1, https://goo.gl/fbAQLP

exports[`Display component renders Display 1`] = `
<DocumentFragment>
  <section
    class="display"
  >
    <form>
      <div>
        <label
          for="url"
        >
           Url
          <input
            class="url"
            id="url"
            name="url"
            type="text"
          />
        </label>
      </div>
      <label
        class="radio"
        for="get"
      >
         Get
        <input
          id="get"
          name="method"
          type="radio"
          value="get"
        />
      </label>
      <label
        class="radio"
        for="delete"
      >
         Delete
        <input
          id="delete"
          name="method"
          type="radio"
          value="delete"
        />
      </label>
      <label
        class="radio"
        for="post"
      >
         Post
        <input
          id="post"
          name="method"
          type="radio"
          value="post"
        />
      </label>
      <label
        class="radio"
        for="put"
      >
         Put
        <input
          id="put"
          name="method"
          type="radio"
          value="put"
        />
      </label>
      <div>
        <label
          for="json"
        >
           JSON
          <input
            class="json"
            id="json"
            name="json"
            type="text"
          />
        </label>
      </div>
      <button>
        Submit
      </button>
    </form>
    <div>
      <div
        class="results"
        data-testid="display"
      />
    </div>
  </section>
</DocumentFragment>
`;
